<testsuite errors="0" failures="0" name="Django Project Tests" skips="0" tests="84" time="8.257"><testcase classname="mycontacts.api.test.test.ContactDetailViewTests" name="test_authorized_user_delete_access" time="0.083528" /><testcase classname="mycontacts.api.test.test.ContactDetailViewTests" name="test_authorized_user_read_access" time="0.078854" /><testcase classname="mycontacts.api.test.test.ContactDetailViewTests" name="test_authorized_user_update_access" time="0.067577" /><testcase classname="mycontacts.api.test.test.ContactDetailViewTests" name="test_not_authorized_user_read_access" time="0.067546" /><testcase classname="mycontacts.api.test.test.ContactListViewTests" name="test_create_contact" time="0.057618" /><testcase classname="mycontacts.api.test.test.ContactListViewTests" name="test_logged_in_user_contact_list" time="0.061238" /><testcase classname="mycontacts.api.test.test.ContactListViewTests" name="test_logged_out_user_response" time="0.001474" /><testcase classname="mycontacts.contacts.test.test_forms.TestContactForm" name="test_contact_form_has_fields" time="0.000655" /><testcase classname="mycontacts.contacts.test.test_forms.TestContactForm" name="test_meta_settings" time="0.000462" /><testcase classname="mycontacts.contacts.test.test_forms.TestContactPhotoForm" name="test_clean_photo" time="0.012143" /><testcase classname="mycontacts.contacts.test.test_forms.TestContactPhotoForm" name="test_clean_photo_large" time="0.057230" /><testcase classname="mycontacts.contacts.test.test_forms.TestContactPhotoForm" name="test_meta_settings" time="0.000082" /><testcase classname="mycontacts.contacts.test.test_forms.TestUserSignUpForm" name="test_form_has_fields" time="0.000508" /><testcase classname="mycontacts.contacts.test.test_models.TestContactModel" name="test_mobile_validator" time="0.003287" /><testcase classname="mycontacts.contacts.test.test_models.TestContactModel" name="test_str_override" time="0.002004" /><testcase classname="mycontacts.contacts.test.test_models.TestContactPhotoModel" name="test_create_thumbnail" time="0.015728" /><testcase classname="mycontacts.contacts.test.test_views.ContactListViewTest" name="test_correct_ordering" time="0.098113" /><testcase classname="mycontacts.contacts.test.test_views.ContactListViewTest" name="test_logged_in_user_see_his_her_contact_list" time="0.091987" /><testcase classname="mycontacts.contacts.test.test_views.ContactListViewTest" name="test_not_logged_in_users_redirect" time="0.011159" /><testcase classname="mycontacts.contacts.test.test_views.ContactListViewTest" name="test_response_status_login_page" time="0.004324" /><testcase classname="mycontacts.contacts.test.test_views.ContactListViewTest" name="test_used_template_and_context_usage" time="0.076879" /><testcase classname="mycontacts.contacts.test.test_views.DublicateListViewTest" name="test_correct_context_contain" time="0.119088" /><testcase classname="mycontacts.contacts.test.test_views.DublicateListViewTest" name="test_correct_template_used" time="0.088271" /><testcase classname="mycontacts.contacts.test.test_views.DublicateListViewTest" name="test_correct_view_used" time="0.091699" /><testcase classname="mycontacts.contacts.test.test_views.DublicateListViewTest" name="test_csrf_token_in_response" time="0.150082" /><testcase classname="mycontacts.contacts.test.test_views.DublicateListViewTest" name="test_dublicate_objects_creating" time="0.184298" /><testcase classname="mycontacts.contacts.test.test_views.DublicateListViewTest" name="test_logged_in_user_status" time="0.116011" /><testcase classname="mycontacts.contacts.test.test_views.DublicateListViewTest" name="test_merge_dublicate_view" time="0.184771" /><testcase classname="mycontacts.contacts.test.test_views.DublicateListViewTest" name="test_not_logged_user_redirect" time="0.051432" /><testcase classname="mycontacts.contacts.test.test_views.EditContactViewTest" name="test_call_view_redirect_anonymous_user" time="0.009858" /><testcase classname="mycontacts.contacts.test.test_views.EditContactViewTest" name="test_correct_template_used" time="0.093991" /><testcase classname="mycontacts.contacts.test.test_views.EditContactViewTest" name="test_logged_in_user_correct_contact" time="0.093598" /><testcase classname="mycontacts.contacts.test.test_views.EditContactViewTest" name="test_logged_in_user_edit_wrong_contact" time="0.053456" /><testcase classname="mycontacts.contacts.test.test_views.EditContactViewTest" name="test_logged_in_user_isnot_owner_contact" time="0.061162" /><testcase classname="mycontacts.contacts.test.test_views.ExportContactViewTest" name="test_correct_template_used" time="0.166851" /><testcase classname="mycontacts.contacts.test.test_views.ExportContactViewTest" name="test_correct_view_used" time="0.127581" /><testcase classname="mycontacts.contacts.test.test_views.ExportContactViewTest" name="test_csrf_token_in_response" time="0.145415" /><testcase classname="mycontacts.contacts.test.test_views.ExportContactViewTest" name="test_csv_export_successful" time="0.167097" /><testcase classname="mycontacts.contacts.test.test_views.ExportContactViewTest" name="test_html_export_successful" time="0.155394" /><testcase classname="mycontacts.contacts.test.test_views.ExportContactViewTest" name="test_response_status_for_anonymous_user" time="0.125253" /><testcase classname="mycontacts.contacts.test.test_views.ExportContactViewTest" name="test_response_status_for_logged_in_user" time="0.128568" /><testcase classname="mycontacts.contacts.test.test_views.ExportContactViewTest" name="test_xls_export_successful" time="0.158466" /><testcase classname="mycontacts.contacts.test.test_views.ImportContactViewTest" name="test_correct_template_used" time="0.058248" /><testcase classname="mycontacts.contacts.test.test_views.ImportContactViewTest" name="test_correct_view_used" time="0.000428" /><testcase classname="mycontacts.contacts.test.test_views.ImportContactViewTest" name="test_csrf_token_in_response" time="0.065506" /><testcase classname="mycontacts.contacts.test.test_views.ImportContactViewTest" name="test_csv_import_successful" time="0.069245" /><testcase classname="mycontacts.contacts.test.test_views.ImportContactViewTest" name="test_download_csv_template_successful" time="0.000059" /><testcase classname="mycontacts.contacts.test.test_views.ImportContactViewTest" name="test_download_xls_template_successful" time="0.000047" /><testcase classname="mycontacts.contacts.test.test_views.ImportContactViewTest" name="test_download_xlsx_template_successful" time="0.000045" /><testcase classname="mycontacts.contacts.test.test_views.ImportContactViewTest" name="test_response_status_for_anonymous_user" time="0.010790" /><testcase classname="mycontacts.contacts.test.test_views.ImportContactViewTest" name="test_response_status_for_logged_in_user" time="0.062117" /><testcase classname="mycontacts.contacts.test.test_views.ImportContactViewTest" name="test_tar_archive_import_successful" time="0.241643" /><testcase classname="mycontacts.contacts.test.test_views.ImportContactViewTest" name="test_targz_archive_import_successful" time="0.256978" /><testcase classname="mycontacts.contacts.test.test_views.ImportContactViewTest" name="test_wrong_archive_import_fail" time="0.000123" /><testcase classname="mycontacts.contacts.test.test_views.ImportContactViewTest" name="test_xls_import_successful" time="0.088440" /><testcase classname="mycontacts.contacts.test.test_views.ImportContactViewTest" name="test_xlsx_import_successful" time="0.088516" /><testcase classname="mycontacts.contacts.test.test_views.ImportContactViewTest" name="test_zip_archive_import_successful" time="0.214137" /><testcase classname="mycontacts.contacts.test.test_views.InvalidSignupTests" name="test_dont_create_user" time="0.035327" /><testcase classname="mycontacts.contacts.test.test_views.InvalidSignupTests" name="test_form_contain_errors" time="0.010038" /><testcase classname="mycontacts.contacts.test.test_views.InvalidSignupTests" name="test_profile_created_after_user_creation" time="0.114314" /><testcase classname="mycontacts.contacts.test.test_views.InvalidSignupTests" name="test_signup_status_code" time="0.014321" /><testcase classname="mycontacts.contacts.test.test_views.InvalidSignupTests" name="test_status_code_used_template" time="0.015817" /><testcase classname="mycontacts.contacts.test.test_views.NewContactViewTest" name="test_get_view_redirect_anonymous_user" time="0.007614" /><testcase classname="mycontacts.contacts.test.test_views.NewContactViewTest" name="test_get_view_response_status_for_logged_in_user" time="0.065385" /><testcase classname="mycontacts.contacts.test.test_views.NewContactViewTest" name="test_logged_in_user_success_status" time="0.077497" /><testcase classname="mycontacts.contacts.test.test_views.NewContactViewTest" name="test_validate_correct_data_with_photo" time="0.084701" /><testcase classname="mycontacts.contacts.test.test_views.NewContactViewTest" name="test_view_contain_csrf" time="0.066574" /><testcase classname="mycontacts.contacts.test.test_views.NewContactViewTest" name="test_view_invalid_wrong_post_data" time="0.065918" /><testcase classname="mycontacts.contacts.test.test_views.NewContactViewTest" name="test_view_redirect_after_post_valid_data" time="0.066470" /><testcase classname="mycontacts.contacts.test.test_views.NewContactViewTest" name="test_view_use_correct_template_url_resolving" time="0.074806" /><testcase classname="mycontacts.contacts.test.test_views.RemoveContactViewTest" name="test_anonymous_user_redirection" time="0.055167" /><testcase classname="mycontacts.contacts.test.test_views.RemoveContactViewTest" name="test_correct_view_is_called" time="0.042913" /><testcase classname="mycontacts.contacts.test.test_views.RemoveContactViewTest" name="test_file_deleting_after_contact_deleted" time="0.106354" /><testcase classname="mycontacts.contacts.test.test_views.RemoveContactViewTest" name="test_not_owner_user_redirection" time="0.137462" /><testcase classname="mycontacts.contacts.test.test_views.RemoveContactViewTest" name="test_response_status" time="0.115544" /><testcase classname="mycontacts.contacts.test.test_views.RemoveContactViewTest" name="test_successful_removing" time="0.109555" /><testcase classname="mycontacts.contacts.test.test_views.RemoveContactViewTest" name="test_trying_delete_not_existing_contact" time="0.047858" /><testcase classname="mycontacts.contacts.test.test_views.SignUpViewTest" name="test_csrf_exist_in_resp" time="0.012618" /><testcase classname="mycontacts.contacts.test.test_views.SignUpViewTest" name="test_form_exist_in_resp" time="0.008888" /><testcase classname="mycontacts.contacts.test.test_views.SignUpViewTest" name="test_signup_correct_func" time="0.009472" /><testcase classname="mycontacts.contacts.test.test_views.SignUpViewTest" name="test_signup_response_status" time="0.007910" /><testcase classname="mycontacts.contacts.test.test_views.SuccessfulSignupTests" name="test_user_authentication" time="0.109142" /><testcase classname="mycontacts.contacts.test.test_views.SuccessfulSignupTests" name="test_user_creation" time="0.095149" /><testcase classname="mycontacts.contacts.test.test_views.SuccessfulSignupTests" name="test_user_redirection" time="0.093865" /></testsuite>